// Jest Snapshot v1, https://goo.gl/fbAQLP

exports[`convertSchematic full test should convert an EasyEDA schematic file to a Kicad schematic file 1`] = `
"(kicad_sch (version 20210126) (generator eeschema) (paper \\"A1\\") 
 (lib_symbols 
   (symbol \\"EasyEDA:U1\\" (pin_names (offset 2)) (in_bom yes) (on_board yes) 
     (property \\"Value\\" \\"ESP-12F(ESP8266MOD)\\" (id 1) (at 0 0 0) (effects (font (size 1.27 1.27)))) 
     (property \\"Reference\\" \\"U\\" (id 0) (at 0 0 0) (effects (font (size 1.27 1.27)))) 
     (symbol \\"U1_0_0\\") 
     (symbol \\"U1_0_1\\" 
       (circle (center -11.43 11.938) (radius 0.381) (stroke (width 0)) (fill (type outline))) 
       (circle (center -11.43 11.938) (radius 0.381) (stroke (width 0)) (fill (type outline))) 
       (rectangle (start -12.7 13.208) (end 12.7 -15.24) (stroke (width 0)) (fill (type none)))) 
     (symbol \\"U1_1_1\\" 
       (pin passive line (at -15.24 10.16 0) (length 2.54) 
         (name \\"RST\\" (effects (font (size 1.27 1.27)))) 
         (number \\"1\\" (effects (font (size 1.27 1.27))))) 
       (pin passive line (at -15.24 7.62 0) (length 2.54) 
         (name \\"ADC\\" (effects (font (size 1.27 1.27)))) 
         (number \\"2\\" (effects (font (size 1.27 1.27))))) 
       (pin passive line (at -15.24 5.08 0) (length 2.54) 
         (name \\"EN(CH-PD)\\" (effects (font (size 1.27 1.27)))) 
         (number \\"3\\" (effects (font (size 1.27 1.27))))) 
       (pin passive line (at -15.24 2.54 0) (length 2.54) 
         (name \\"GPIO16\\" (effects (font (size 1.27 1.27)))) 
         (number \\"4\\" (effects (font (size 1.27 1.27))))) 
       (pin passive line (at -15.24 0 0) (length 2.54) 
         (name \\"GPIO14\\" (effects (font (size 1.27 1.27)))) 
         (number \\"5\\" (effects (font (size 1.27 1.27))))) 
       (pin passive line (at -15.24 -2.54 0) (length 2.54) 
         (name \\"GPIO12\\" (effects (font (size 1.27 1.27)))) 
         (number \\"6\\" (effects (font (size 1.27 1.27))))) 
       (pin passive line (at -15.24 -5.08 0) (length 2.54) 
         (name \\"GPIO13\\" (effects (font (size 1.27 1.27)))) 
         (number \\"7\\" (effects (font (size 1.27 1.27))))) 
       (pin passive line (at -15.24 -7.62 0) (length 2.54) 
         (name \\"VCC\\" (effects (font (size 1.27 1.27)))) 
         (number \\"8\\" (effects (font (size 1.27 1.27))))) 
       (pin passive line (at -7.62 -17.78 90) (length 2.54) 
         (name \\"CS0\\" (effects (font (size 1.27 1.27)))) 
         (number \\"9\\" (effects (font (size 1.27 1.27))))) 
       (pin passive line (at -5.08 -17.78 90) (length 2.54) 
         (name \\"MISO\\" (effects (font (size 1.27 1.27)))) 
         (number \\"10\\" (effects (font (size 1.27 1.27))))) 
       (pin passive line (at -2.54 -17.78 90) (length 2.54) 
         (name \\"IO9\\" (effects (font (size 1.27 1.27)))) 
         (number \\"11\\" (effects (font (size 1.27 1.27))))) 
       (pin passive line (at 2.54 -17.78 90) (length 2.54) 
         (name \\"IO10\\" (effects (font (size 1.27 1.27)))) 
         (number \\"12\\" (effects (font (size 1.27 1.27))))) 
       (pin passive line (at 5.08 -17.78 90) (length 2.54) 
         (name \\"MOSI\\" (effects (font (size 1.27 1.27)))) 
         (number \\"13\\" (effects (font (size 1.27 1.27))))) 
       (pin passive line (at 7.62 -17.78 90) (length 2.54) 
         (name \\"SCLK\\" (effects (font (size 1.27 1.27)))) 
         (number \\"14\\" (effects (font (size 1.27 1.27))))) 
       (pin passive line (at 15.24 -7.62 180) (length 2.54) 
         (name \\"GND\\" (effects (font (size 1.27 1.27)))) 
         (number \\"15\\" (effects (font (size 1.27 1.27))))) 
       (pin passive line (at 15.24 -5.08 180) (length 2.54) 
         (name \\"IO15\\" (effects (font (size 1.27 1.27)))) 
         (number \\"16\\" (effects (font (size 1.27 1.27))))) 
       (pin passive line (at 15.24 -2.54 180) (length 2.54) 
         (name \\"IO2\\" (effects (font (size 1.27 1.27)))) 
         (number \\"17\\" (effects (font (size 1.27 1.27))))) 
       (pin passive line (at 15.24 0 180) (length 2.54) 
         (name \\"IO0\\" (effects (font (size 1.27 1.27)))) 
         (number \\"18\\" (effects (font (size 1.27 1.27))))) 
       (pin passive line (at 15.24 2.54 180) (length 2.54) 
         (name \\"IO4\\" (effects (font (size 1.27 1.27)))) 
         (number \\"19\\" (effects (font (size 1.27 1.27))))) 
       (pin passive line (at 15.24 5.08 180) (length 2.54) 
         (name \\"IO5\\" (effects (font (size 1.27 1.27)))) 
         (number \\"20\\" (effects (font (size 1.27 1.27))))) 
       (pin passive line (at 15.24 7.62 180) (length 2.54) 
         (name \\"RXD\\" (effects (font (size 1.27 1.27)))) 
         (number \\"21\\" (effects (font (size 1.27 1.27))))) 
       (pin passive line (at 15.24 10.16 180) (length 2.54) 
         (name \\"TXD\\" (effects (font (size 1.27 1.27)))) 
         (number \\"22\\" (effects (font (size 1.27 1.27))))))) 
   (symbol \\"EasyEDA:P1\\" (pin_numbers hide) (pin_names (offset 2)) (in_bom yes) (on_board yes) 
     (property \\"Value\\" \\"Header-Female-1x6\\" (id 1) (at 0 0 0) (effects (font (size 1.27 1.27)))) 
     (property \\"Reference\\" \\"P\\" (id 0) (at 0 0 0) (effects (font (size 1.27 1.27)))) 
     (symbol \\"P1_0_0\\") 
     (symbol \\"P1_0_1\\" 
       (rectangle (start -8.89 3.81) (end 8.89 -1.27) (stroke (width 0)) (fill (type none)))) 
     (symbol \\"P1_1_1\\" 
       (pin input line (at -6.35 -3.81 90) (length 2.54) 
         (name \\"1\\" (effects (font (size 1.27 1.27)))) 
         (number \\"1\\" (effects (font (size 1.27 1.27))))) 
       (pin input line (at -3.81 -3.81 90) (length 2.54) 
         (name \\"2\\" (effects (font (size 1.27 1.27)))) 
         (number \\"2\\" (effects (font (size 1.27 1.27))))) 
       (pin input line (at -1.27 -3.81 90) (length 2.54) 
         (name \\"3\\" (effects (font (size 1.27 1.27)))) 
         (number \\"3\\" (effects (font (size 1.27 1.27))))) 
       (pin input line (at 1.27 -3.81 90) (length 2.54) 
         (name \\"4\\" (effects (font (size 1.27 1.27)))) 
         (number \\"4\\" (effects (font (size 1.27 1.27))))) 
       (pin input line (at 3.81 -3.81 90) (length 2.54) 
         (name \\"5\\" (effects (font (size 1.27 1.27)))) 
         (number \\"5\\" (effects (font (size 1.27 1.27))))) 
       (pin input line (at 6.35 -3.81 90) (length 2.54) 
         (name \\"6\\" (effects (font (size 1.27 1.27)))) 
         (number \\"6\\" (effects (font (size 1.27 1.27))))))) 
   (symbol \\"Autogenerated:Powerflag_$Vplus\\" (power) (pin_names (offset 0)) (in_bom no) (on_board yes) 
     (property \\"Reference\\" \\"#PWR\\" (id 0) (at 0 0 0) (effects (font (size 1.27 1.27)) hide)) 
     (property \\"Value\\" \\"Autogenerated:Powerflag_$Vplus\\" (id 1) (at 0 0 0) (effects (font (size 1.27 1.27)))) 
     (symbol \\"Powerflag_$Vplus_0_1\\" 
       (polyline (pts (xy -0.762 1.27) (xy 0 2.54))) 
       (polyline (pts (xy 0 0) (xy 0 2.54))) 
       (polyline (pts (xy 0 2.54) (xy 0.762 1.27)))) 
     (symbol \\"Powerflag_$Vplus_1_1\\" 
       (pin power_in line (at 0 0 0) (length 0) hide 
         (name \\"+3.3V\\" (effects (font (size 1.27 1.27)))) 
         (number \\"1\\" (effects (font (size 1.27 1.27))))))) 
   (symbol \\"Autogenerated:Powerflag_$GND2\\" (power) (pin_names (offset 0)) (in_bom no) (on_board yes) 
     (property \\"Reference\\" \\"#PWR\\" (id 0) (at 0 0 0) (effects (font (size 1.27 1.27)) hide)) 
     (property \\"Value\\" \\"Autogenerated:Powerflag_$GND2\\" (id 1) (at 0 0 0) (effects (font (size 1.27 1.27)))) 
     (symbol \\"Powerflag_$GND2_0_1\\" 
       (rectangle (start -1.27 -1.524) (end 1.27 -2.032) (stroke (width 0.254)) (fill (type outline))) 
       (polyline (pts (xy 0 0) (xy 0 -1.524)))) 
     (symbol \\"Powerflag_$GND2_1_1\\" 
       (pin power_in line (at 0 0 0) (length 0) hide 
         (name \\"GND\\" (effects (font (size 1.27 1.27)))) 
         (number \\"1\\" (effects (font (size 1.27 1.27))))))) 
   (symbol \\"Autogenerated:Powerflag_$GND\\" (power) (pin_names (offset 0)) (in_bom no) (on_board yes) 
     (property \\"Reference\\" \\"#PWR\\" (id 0) (at 0 0 0) (effects (font (size 1.27 1.27)) hide)) 
     (property \\"Value\\" \\"Autogenerated:Powerflag_$GND\\" (id 1) (at 0 0 0) (effects (font (size 1.27 1.27)))) 
     (symbol \\"Powerflag_$GND_0_1\\" 
       (polyline (pts (xy 0 0) (xy 0 -1.27) (xy 1.27 -1.27) (xy 0 -2.54) (xy -1.27 -1.27) (xy 0 -1.27)))) 
     (symbol \\"Powerflag_$GND_1_1\\" 
       (pin power_in line (at 0 0 0) (length 0) hide 
         (name \\"GND\\" (effects (font (size 1.27 1.27)))) 
         (number \\"1\\" (effects (font (size 1.27 1.27))))))) 
   (symbol \\"Autogenerated:Powerflag_$Vminus\\" (power) (pin_names (offset 0)) (in_bom no) (on_board yes) 
     (property \\"Reference\\" \\"#PWR\\" (id 0) (at 0 0 0) (effects (font (size 1.27 1.27)) hide)) 
     (property \\"Value\\" \\"Autogenerated:Powerflag_$Vminus\\" (id 1) (at 0 0 0) (effects (font (size 1.27 1.27)))) 
     (symbol \\"Powerflag_$Vminus_0_1\\" 
       (polyline (pts (xy 0 0) (xy 0 1.27) (xy -0.762 1.27) (xy 0 2.54) (xy 0.762 1.27) (xy 0 1.27)) (fill (type outline)))) 
     (symbol \\"Powerflag_$Vminus_1_1\\" 
       (pin power_in line (at 0 0 0) (length 0) hide 
         (name \\"-5V\\" (effects (font (size 1.27 1.27)))) 
         (number \\"1\\" (effects (font (size 1.27 1.27)))))))) 
 
 
 
 (symbol (lib_id \\"EasyEDA:U1\\") (at 138.43 95.25 0) (unit 1) (in_bom yes) (on_board yes) (uuid \\"c897ee48-1b09-4089-a761-ddaf54e84092\\") 
   (property \\"Value\\" \\"ESP-12F(ESP8266MOD)\\" (id 1) (at 123.789 75.733 0) (effects (font (size 1.27 1.27)) (justify left))) 
   (property \\"Reference\\" \\"U1\\" (id 0) (at 125.73 80.945 0) (effects (font (size 1.27 1.27)) (justify left)))) 
 
 (symbol (lib_id \\"EasyEDA:P1\\") (at 170.18 69.85 0) (unit 1) (in_bom yes) (on_board yes) (uuid \\"c7ca5fa6-1ad9-4fa3-84bb-f165047c7b5f\\") 
   (property \\"Value\\" \\"Header-Female-1x6\\" (id 1) (at 167.64 65.918 0) (effects (font (size 1.27 1.27)) (justify left))) 
   (property \\"Reference\\" \\"P1\\" (id 0) (at 161.29 65.918 0) (effects (font (size 1.27 1.27)) (justify left)))) 
 
 (symbol (lib_id \\"Autogenerated:Powerflag_$Vplus\\") (at 109.22 101.6 0) (unit 1) (in_bom yes) (on_board yes) (uuid \\"18c4fd6f-1cdd-49fc-84e3-0d84665f69c8\\") 
   (property \\"Reference\\" \\"#PWR?\\" (id 0) (at 0 0 0) (effects (font (size 1.27 1.27)) hide)) 
   (property \\"Value\\" \\"+3.3V\\" (id 1) (at 106.172 98.552 0) (effects (font (size 1.27 1.27))))) 
 
 (symbol (lib_id \\"Autogenerated:Powerflag_$GND2\\") (at 158.75 104.14 0) (unit 1) (in_bom yes) (on_board yes) (uuid \\"f612a9b7-17c3-4603-9add-8579d567721e\\") 
   (property \\"Reference\\" \\"#PWR?\\" (id 0) (at 0 0 0) (effects (font (size 1.27 1.27)) hide)) 
   (property \\"Value\\" \\"GND\\" (id 1) (at 155.448 109.728 0) (effects (font (size 1.27 1.27)) hide))) 
 
 (symbol (lib_id \\"Autogenerated:Powerflag_$Vplus\\") (at 187.96 73.66 0) (unit 1) (in_bom yes) (on_board yes) (uuid \\"610db437-6bed-4d24-aa56-84cf3524d104\\") 
   (property \\"Reference\\" \\"#PWR?\\" (id 0) (at 0 0 0) (effects (font (size 1.27 1.27)) hide)) 
   (property \\"Value\\" \\"+3.3V\\" (id 1) (at 184.912 70.612 0) (effects (font (size 1.27 1.27))))) 
 
 (symbol (lib_id \\"Autogenerated:Powerflag_$GND\\") (at 160.02 74.93 0) (unit 1) (in_bom yes) (on_board yes) (uuid \\"8e234b37-b55c-488e-9302-97f7adfcc8ad\\") 
   (property \\"Reference\\" \\"#PWR?\\" (id 0) (at 0 0 0) (effects (font (size 1.27 1.27)) hide)) 
   (property \\"Value\\" \\"GND\\" (id 1) (at 156.718 81.534 0) (effects (font (size 1.27 1.27)) hide))) 
 
 (symbol (lib_id \\"Autogenerated:Powerflag_$Vminus\\") (at 173.99 78.74 180) (unit 1) (in_bom yes) (on_board yes) (uuid \\"9513ad41-d633-47e2-893a-9ab91c486a72\\") 
   (property \\"Reference\\" \\"#PWR?\\" (id 0) (at 0 0 0) (effects (font (size 1.27 1.27)) hide)) 
   (property \\"Value\\" \\"-5V\\" (id 1) (at 170.856 84.148 0) (effects (font (size 1.27 1.27))))) 
 (label \\"D1\\" (at 175.26 88.9 180) (effects (font (size 1.27 1.27)) (justify left))) 
 (label \\"D4\\" (at 140.97 119.38 90) (effects (font (size 1.27 1.27)) (justify left))) 
 (label \\"D5\\" (at 130.81 120.65 180) (effects (font (size 1.27 1.27)) (justify right))) 
 (label \\"D6\\" (at 133.35 116.84 180) (effects (font (size 1.27 1.27)) (justify right))) 
 (label \\"D7\\" (at 135.89 114.3 180) (effects (font (size 1.27 1.27)) (justify right))) 
 (global_label \\"D0\\" (shape bidirectional) (at 110.49 92.71 180) (effects (font (size 1.27 1.27)) (justify right))) 
 (global_label \\"D2\\" (shape bidirectional) (at 175.26 92.71 0) (effects (font (size 1.27 1.27)) (justify left))) 
 (global_label \\"D3\\" (shape bidirectional) (at 175.26 96.52 270) (effects (font (size 1.27 1.27)))) 
 (global_label \\"RST\\" (shape bidirectional) (at 110.49 85.09 90) (effects (font (size 1.27 1.27)))) 
 (wire (pts (xy 123.19 102.87) (xy 109.22 102.87)) (stroke (width 0) (type solid) (color 255 51 0 1))) 
 (wire (pts (xy 109.22 102.87) (xy 109.22 101.6)) (stroke (width 0) (type solid) (color 255 51 0 1))) 
 (wire (pts (xy 153.67 102.87) (xy 158.75 102.87)) (stroke (width 0) (type solid) (color 0 136 0 1))) 
 (wire (pts (xy 158.75 102.87) (xy 158.75 104.14)) (stroke (width 0) (type solid) (color 0 136 0 1))) 
 (wire (pts (xy 123.19 92.71) (xy 110.49 92.71)) (stroke (width 0) (type solid) (color 0 136 0 1))) 
 (wire (pts (xy 153.67 92.71) (xy 175.26 92.71)) (stroke (width 0) (type solid) (color 0 136 0 1))) 
 (wire (pts (xy 153.67 95.25) (xy 170.18 95.25)) (stroke (width 0) (type solid) (color 0 136 0 1))) 
 (wire (pts (xy 170.18 95.25) (xy 170.18 96.52)) (stroke (width 0) (type solid) (color 0 136 0 1))) 
 (wire (pts (xy 170.18 96.52) (xy 175.26 96.52)) (stroke (width 0) (type solid) (color 0 136 0 1))) 
 (wire (pts (xy 123.19 85.09) (xy 110.49 85.09)) (stroke (width 0) (type solid) (color 0 136 0 1))) 
 (wire (pts (xy 173.99 73.66) (xy 173.99 78.74)) (stroke (width 0) (type solid) (color 102 0 255 1))) 
 (wire (pts (xy 153.67 90.17) (xy 170.18 90.17)) (stroke (width 0) (type solid) (color 0 136 0 1))) 
 (wire (pts (xy 170.18 90.17) (xy 170.18 88.9)) (stroke (width 0) (type solid) (color 0 136 0 1))) 
 (wire (pts (xy 170.18 88.9) (xy 175.26 88.9)) (stroke (width 0) (type solid) (color 0 136 0 1))) 
 (wire (pts (xy 153.67 87.63) (xy 168.91 87.63)) (stroke (width 0) (type dot) (color 255 255 0 1))) 
 (wire (pts (xy 168.91 87.63) (xy 168.91 73.66)) (stroke (width 0) (type dot) (color 255 255 0 1))) 
 (wire (pts (xy 153.67 85.09) (xy 166.37 85.09)) (stroke (width 0.304) (type dash) (color 204 0 255 1))) 
 (wire (pts (xy 166.37 85.09) (xy 166.37 73.66)) (stroke (width 0.304) (type dash) (color 204 0 255 1))) 
 (wire (pts (xy 140.97 113.03) (xy 140.97 119.38)) (stroke (width 0) (type solid) (color 0 136 0 1))) 
 (wire (pts (xy 130.81 124.46) (xy 130.81 113.03)) (stroke (width 0) (type solid) (color 0 136 0 1))) 
 (wire (pts (xy 133.35 124.46) (xy 133.35 113.03)) (stroke (width 0) (type solid) (color 0 136 0 1))) 
 (wire (pts (xy 135.89 124.46) (xy 135.89 113.03)) (stroke (width 0) (type solid) (color 0 136 0 1))) 
 (wire (pts (xy 176.53 73.66) (xy 176.53 77.47)) (stroke (width 0) (type solid) (color 0 136 0 1))) 
 (wire (pts (xy 176.53 77.47) (xy 187.96 77.47)) (stroke (width 0) (type solid) (color 0 136 0 1))) 
 (wire (pts (xy 187.96 77.47) (xy 187.96 73.66)) (stroke (width 0) (type solid) (color 0 136 0 1))) 
 (wire (pts (xy 163.83 73.66) (xy 163.83 74.93)) (stroke (width 0) (type solid) (color 0 136 0 1))) 
 (wire (pts (xy 163.83 74.93) (xy 160.02 74.93)) (stroke (width 0) (type solid) (color 0 136 0 1))) 
 (no_connect (at 123.19 90.17)) 
 (no_connect (at 123.19 87.63)) 
 (no_connect (at 171.45 73.66)) 
 (no_connect (at 123.19 100.33)) 
 (no_connect (at 123.19 97.79)) 
 (no_connect (at 123.19 95.25)) 
 (no_connect (at 153.67 100.33)) 
 (no_connect (at 153.67 97.79)) 
 (no_connect (at 146.05 113.03)) 
 (no_connect (at 143.51 113.03)) 
 (bus (pts (xy 133.35 127) (xy 125.73 127))) 
 (bus_entry (at 128.27 127) (size 2.54 -2.54)) 
 (bus_entry (at 130.81 127) (size 2.54 -2.54)) 
 (bus_entry (at 135.89 124.46) (size -2.54 2.54)) 
 
 (sheet_instances (path \\"/\\" (page \\"1\\"))) 
 
 (symbol_instances 
   (path \\"/c897ee48-1b09-4089-a761-ddaf54e84092\\" (reference \\"U1\\") (unit 1) (value \\"ESP-12F(ESP8266MOD)\\") (footprint \\"ESP-12F(ESP8266MOD)\\")) 
   (path \\"/c7ca5fa6-1ad9-4fa3-84bb-f165047c7b5f\\" (reference \\"P1\\") (unit 1) (value \\"Header-Female-1x6\\") (footprint \\"HDR-6X1/2.54\\")) 
     (path \\"/18c4fd6f-1cdd-49fc-84e3-0d84665f69c8\\" (reference \\"#PWR?\\") (unit 1) (value \\"+3.3V\\") (footprint \\"\\")) 
     (path \\"/f612a9b7-17c3-4603-9add-8579d567721e\\" (reference \\"#PWR?\\") (unit 1) (value \\"GND\\") (footprint \\"\\")) 
     (path \\"/610db437-6bed-4d24-aa56-84cf3524d104\\" (reference \\"#PWR?\\") (unit 1) (value \\"+3.3V\\") (footprint \\"\\")) 
     (path \\"/8e234b37-b55c-488e-9302-97f7adfcc8ad\\" (reference \\"#PWR?\\") (unit 1) (value \\"GND\\") (footprint \\"\\")) 
     (path \\"/9513ad41-d633-47e2-893a-9ab91c486a72\\" (reference \\"#PWR?\\") (unit 1) (value \\"-5V\\") (footprint \\"\\"))))"
`;
